
################################################################################
#
# This file has been generated by SpyGlass:
#     Report Name      : moresimple
#     Report Created by: ICer
#     Report Created on:  Mon Sep 28 06:20:47 2026
#     Working Directory: /home/ICer/Labs/lint_sys/spyglass
#     SpyGlass Version : SpyGlass_vL-2016.06
#     Policy Name      : SpyGlass(SpyGlass_vL-2016.06)
#                        clock-reset(SpyGlass_vL-2016.06)
#
#     Total Number of Generated Messages :         45
#     Number of Waived Messages          :          5
#     Number of Reported Messages        :         40
#     Number of Overlimit Messages       :          0
#
#
################################################################################

+++++++++++++++++++++++++++++++++++++++++++++++++++++++++++++++++++++++
MORESIMPLE REPORT:


############### BuiltIn -> RuleGroup=Design Read ###############
+++++++++++++++++++++++++++++++++++++++++++++++++++++++++++++++++++++++++++++++++++++++
ID       Rule                    Alias                   Severity    File                                                                      Line    Wt    Message
======================================================================================
[1]      DetectTopDesignUnits    DetectTopDesignUnits    Info        ../rtl/SYS_TOP.v                                                          1       2     Module SYS_TOP is a top level design unit
[0]      ElabSummary             ElabSummary             Info        ./spyglass-1/cdc/cdc_verify/spyglass_reports/SpyGlass/elab_summary.rpt    0       2     Please refer file './spyglass-1/cdc/cdc_verify/spyglass_reports/SpyGlass/elab_summary.rpt' for elab summary report
[11]     Info_Case_Analysis      showSimVal              Info        ../rtl/SYS_TOP.v                                                          1       10    Information for set_case_analysis value propagation for design 'SYS_TOP' is displayed
+++++++++++++++++++++++++++++++++++++++++++++++++++++++++++++++++++++++++++++++++++++++


############### BuiltIn -> RuleGroup=SGDC Checks ###############
+++++++++++++++++++++++++++++++++++++++++++++++++++++++++++++++++++++++++++++++++++++++
ID       Rule            Alias    Severity    File                Line    Wt    Message
======================================================================================
[2]      SGDC_input02             Info        sys_dft_top.sgdc    44      10    'none' not found on/within module 'SYS_TOP'.Considering it as virtual clock
[3]      SGDC_input02             Info        sys_dft_top.sgdc    45      10    'none' not found on/within module 'SYS_TOP'.Considering it as virtual clock
+++++++++++++++++++++++++++++++++++++++++++++++++++++++++++++++++++++++++++++++++++++++


############### Non-BuiltIn -> Goal=cdc/cdc_verify ###############
+++++++++++++++++++++++++++++++++++++++++++++++++++++++++++++++++++++++++++++++++++++++
ID       Rule                    Alias                         Severity    File                                                                                    Line    Wt    Message
======================================================================================
[6A]     Ac_conv04               Control Bus Gray Encoding     Warning     ../rtl/FIFO_MEM_CNTRL.v                                                                 20      10    At least two bits (30, 127) of source bus "SYS_TOP.U0_FIFO.fifo_mem.mem" are not uniformly synchronized to destination bus "SYS_TOP.U0_UART.U0_UART_TX.ser_u0.shift_reg". Reason: different synchronization scheme used
[72]     Ac_clockperiod02                                      Info        sys_dft_top.sgdc                                                                        10      2     For top design unit 'SYS_TOP', Period has been rounded for 3 (60 %) clocks. Refer file: './spyglass-1/cdc/cdc_verify/spyglass_reports/clock-reset/Ac_clockperiod02.csv' for details
[14]     Ac_crossing01                                         Info        ../rtl/SYS_TOP.v                                                                        1       10    CrossingMatrix spreadsheet generated for design 'SYS_TOP'
[6C]     Ac_datahold01a          Ac_sync Data Enable Seq       Info        ../rtl/DATA_SYNC.v                                                                      47      2     Synchronized crossing: destination flop 'SYS_TOP.U0_ref_sync.sync_bus[7:0]', clocked by 'SYS_TOP.REF_CLK', source flop 'SYS_TOP.U0_UART.U0_UART_RX.U2.P_DATA[7:0]', clocked by 'SYS_TOP.UART_RX_CLK'. Data-enable sequencing check: PASSED
[69]     Ac_initstate01          ResetState                    Info        ../rtl/SYS_TOP.v                                                                        1       10    72 percent of sequential outputs are initialized with sets/resets and 0 percent sequential outputs are initialized by data path. Refer file: './spyglass-1/cdc/cdc_verify/spyglass_reports/clock-reset/adv_cdc.reg' for details
[73]     Ac_report01             PropStatistics                Info        ../rtl/SYS_TOP.v                                                                        1       10    Implicit: '4' implicit properties analyzed, '0' failed, '1' passed, '3' partially proved, '0' not analyzed, '0' others for top design unit 'SYS_TOP'. Refer file: './spyglass-1/cdc/cdc_verify/spyglass_reports/clock-reset/adv_cdc.rpt' for details
[D]      Ac_sync01                                             Info        ../rtl/PARITY.v                                                                         19      2     Synchronized Crossing: destination flop SYS_TOP.U0_UART.U0_UART_TX.parity_u0.par_bit, clocked by SYS_TOP.UART_TX_CLK, source flop SYS_TOP.U0_FIFO.fifo_mem.mem[15:0][7:0], clocked by SYS_TOP.REF_CLK, by method: Enable Based Synchronizer [Total Sources: 1 (Number of source domains: 1)]
[10]     Ac_sync01                                             Info        ../rtl/TOP_UART_RX.v                                                                    39      2     Synchronized Crossing: destination flop SYS_TOP.U0_UART.U0_UART_RX.RX_IN_meta, clocked by SYS_TOP.UART_RX_CLK, source primary input SYS_TOP.UART_RX_IN, clocked by none, by method: Conventional multi-flop for metastability technique [Total Sources: 1 (Number of source domains: 1)]
[C]      Ac_sync02                                             Info        ../rtl/DATA_SYNC.v                                                                      18      2     Synchronized Crossing: destination flop SYS_TOP.U0_ref_sync.sync_reg[0], clocked by SYS_TOP.REF_CLK, source flop SYS_TOP.U0_UART.U0_UART_RX.U6.data_valid_r, clocked by SYS_TOP.UART_RX_CLK, by method: Conventional multi-flop for metastability technique [Total Sources: 1 (Number of source domains: 1)]
[A]      Ac_sync02                                             Info        ../rtl/DATA_SYNC.v                                                                      47      2     Synchronized Crossing: destination flop SYS_TOP.U0_ref_sync.sync_bus[7:0], clocked by SYS_TOP.REF_CLK, source flop SYS_TOP.U0_UART.U0_UART_RX.U2.P_DATA[7:0], clocked by SYS_TOP.UART_RX_CLK, by method: Enable Based Synchronizer [Total Sources: 1 (Number of source domains: 1)]
[B]      Ac_sync02                                             Info        ../rtl/DF_SYNC.v                                                                        16      2     Synchronized Crossing: destination flop SYS_TOP.U0_FIFO.sync_r2w.sync_reg[4:0], clocked by SYS_TOP.REF_CLK, source flop SYS_TOP.U0_FIFO.fifo_rd.rptr[4:0], clocked by SYS_TOP.UART_TX_CLK, by method: Conventional multi-flop for metastability technique [Total Sources: 1 (Number of source domains: 1)]
[F]      Ac_sync02                                             Info        ../rtl/DF_SYNC.v                                                                        16      2     Synchronized Crossing: destination flop SYS_TOP.U0_FIFO.sync_w2r.sync_reg[4:0], clocked by SYS_TOP.UART_TX_CLK, source flop SYS_TOP.U0_FIFO.fifo_wr.wptr[4:0], clocked by SYS_TOP.REF_CLK, by method: Conventional multi-flop for metastability technique [Total Sources: 1 (Number of source domains: 1)]
[E]      Ac_sync02                                             Info        ../rtl/SERIALIZER.v                                                                     24      2     Synchronized Crossing: destination flop SYS_TOP.U0_UART.U0_UART_TX.ser_u0.shift_reg[7:0], clocked by SYS_TOP.UART_TX_CLK, source flop SYS_TOP.U0_FIFO.fifo_mem.mem[15:0][7:0], clocked by SYS_TOP.REF_CLK, by method: Mux-select sync [Total Sources: 1 (Number of source domains: 1)]
[1C]     Ar_sync01                                             Info        ../rtl/CLK_DIV.v                                                                        36      10    Reset signal 'SYS_TOP.RST_N' for 'clear' pin of flop 'SYS_TOP.U0_ClkDiv.counter[0]', clocked by 'SYS_TOP.UART_CLK', is synchronized by method: Multi-flop reset synchronizer (Name:SYS_TOP.U0_RST_SYNC.sync_reg[1])
[1A]     Ar_sync01                                             Info        ../rtl/DATA_SYNC.v                                                                      39      10    Reset signal 'SYS_TOP.RST_N' for 'clear' pin of flop 'SYS_TOP.U0_ref_sync.enable_pulse', clocked by 'SYS_TOP.REF_CLK', is synchronized by method: Multi-flop reset synchronizer (Name:SYS_TOP.U1_RST_SYNC.sync_reg[1])
[18]     Ar_sync01                                             Info        ../rtl/Data_Sampling.v                                                                  33      10    Reset signal 'SYS_TOP.RST_N' for 'clear' pin of flop 'SYS_TOP.U0_UART.U0_UART_RX.U0.sampled_bit', clocked by 'SYS_TOP.UART_RX_CLK', is synchronized by method: Multi-flop reset synchronizer (Name:SYS_TOP.U3_RST_SYNC.sync_reg[1])
[19]     Ar_sync01                                             Info        ../rtl/FIFO_RD.v                                                                        24      10    Reset signal 'SYS_TOP.RST_N' for 'clear' pin of flop 'SYS_TOP.U0_FIFO.fifo_rd.rbin[0]', clocked by 'SYS_TOP.UART_TX_CLK', is synchronized by method: Multi-flop reset synchronizer (Name:SYS_TOP.U2_RST_SYNC.sync_reg[1])
[1B]     Ar_sync01                                             Info        ../rtl/alu_edit.v                                                                       30      10    Reset signal 'SYS_TOP.RST_N' for 'clear' pin of flop 'SYS_TOP.U0_ALU.OUT_VALID', clocked by 'SYS_TOP.ALU_CLK', is synchronized by method: Multi-flop reset synchronizer (Name:SYS_TOP.U1_RST_SYNC.sync_reg[1])
[1D]     Ar_syncdeassert01                                     Info        ../rtl/CLK_DIV.v                                                                        36      10    Reset signal 'SYS_TOP.RST_N' for 'clear' pin of flop 'SYS_TOP.U0_ClkDiv.counter[0]', synchronously de-asserts relative to clock signal 'SYS_TOP.UART_CLK'
[1E]     Ar_syncdeassert01                                     Info        ../rtl/DATA_SYNC.v                                                                      39      10    Reset signal 'SYS_TOP.RST_N' for 'clear' pin of flop 'SYS_TOP.U0_ref_sync.enable_pulse', synchronously de-asserts relative to clock signal 'SYS_TOP.REF_CLK'
[21]     Ar_syncdeassert01                                     Info        ../rtl/Data_Sampling.v                                                                  33      10    Reset signal 'SYS_TOP.RST_N' for 'clear' pin of flop 'SYS_TOP.U0_UART.U0_UART_RX.U0.sampled_bit', synchronously de-asserts relative to clock signal 'SYS_TOP.UART_RX_CLK'
[20]     Ar_syncdeassert01                                     Info        ../rtl/FIFO_RD.v                                                                        24      10    Reset signal 'SYS_TOP.RST_N' for 'clear' pin of flop 'SYS_TOP.U0_FIFO.fifo_rd.rbin[0]', synchronously de-asserts relative to clock signal 'SYS_TOP.UART_TX_CLK'
[1F]     Ar_syncdeassert01                                     Info        ../rtl/alu_edit.v                                                                       30      10    Reset signal 'SYS_TOP.RST_N' for 'clear' pin of flop 'SYS_TOP.U0_ALU.OUT_VALID', synchronously de-asserts relative to clock signal 'SYS_TOP.ALU_CLK'
[16]     Clock_info02                                          Info        N.A.                                                                                    0       2     Clock Tree generated
[13]     Clock_info03b                                         Info        ../rtl/CLK_DIV.v                                                                        36      2     Data pin of flop SYS_TOP.U1_ClkDiv.counter[7:0], clocked by SYS_TOP.UART_CLK , is tied to constant value 0
[2B]     Clock_info15                                          Info        N.A.                                                                                    0       2     Port-Clock information generated for PortClockMatrix report
[7]      Propagate_Clocks                                      Info        ../rtl/SYS_TOP.v                                                                        5       2     For SYS_TOP, clock(s) 'SYS_TOP.UART_CLK' of domain 'UART_DOMAIN' propagated
[8]      Propagate_Clocks                                      Info        ../rtl/SYS_TOP.v                                                                        17      2     For SYS_TOP, clock(s) 'SYS_TOP.UART_TX_CLK' of domain 'TX_DOMAIN' propagated
[9]      Propagate_Clocks                                      Info        ../rtl/SYS_TOP.v                                                                        18      2     For SYS_TOP, clock(s) 'SYS_TOP.UART_RX_CLK' of domain 'RX_DOMAIN' propagated
[4]      Propagate_Clocks                                      Info        ../rtl/SYS_TOP.v                                                                        54      2     For SYS_TOP, clock(s) 'SYS_TOP.REF_CLK,SYS_TOP.ALU_CLK' of domain 'REF_DOMAIN' propagated
[15]     Propagate_Resets                                      Info        ../rtl/SYS_TOP.v                                                                        4       2     For SYS_TOP, reset 'SYS_TOP.RST_N' propagated
[17]     Reset_info02                                          Info        N.A.                                                                                    0       2     Reset Tree generated
[2A]     Setup_port01                                          Info        ../rtl/SYS_TOP.v                                                                        1       2     Port coverage for top design unit 'SYS_TOP' is: '0' (0.00 %) port(s) not fully constrained
[2C]     Setup_port01                                          Info        ./spyglass-1/cdc/cdc_verify/spyglass_reports/clock-reset/SYS_TOP_input_abstract.sgdc    0       2     Abstracted sgdc file for input ports of block 'SYS_TOP' is generated
[12]     Setup_quasi_static01                                  Info        ./spyglass-1/cdc/cdc_verify/spyglass_reports/clock-reset/auto_quasi_static.sgdc         25      2     For design 'SYS_TOP', '0' quasi_static constraint(s) inferred
+++++++++++++++++++++++++++++++++++++++++++++++++++++++++++++++++++++++++++++++++++++++
