
################################################################################
#
# This file has been generated by SpyGlass:
#     Report Name      : no_msg_reporting_rules
#     Report Created by: ICer
#     Report Created on:  Mon Sep 28 06:20:47 2026
#     Working Directory: /home/ICer/Labs/lint_sys/spyglass
#     SpyGlass Version : SpyGlass_vL-2016.06
#     Policy Name      : SpyGlass(SpyGlass_vL-2016.06)
#                        clock-reset(SpyGlass_vL-2016.06)
#
#     Total Number of Generated Messages :         45
#     Number of Waived Messages          :          5
#     Number of Reported Messages        :         40
#     Number of Overlimit Messages       :          0
#
#
################################################################################

NO VIOLATION RULE REPORT :
++++++++++++++++++++++++++++++++++++++++++++++++++++++++++++++++++++++++++++++++

Following rules did not produce any violation or waived off during spyglass run

++++++++++++++++++++++++++++++++++++++++++++++++++++++++++++++++++++++++++++++++


================================================================================
	INDEX                                   RULE-NAME
================================================================================
	1                                  Ac_cdc01a
	2                                  Ac_clockperiod01
	3                                  Ac_clockperiod03
	4                                  Ac_coherency06
	5                                  Ac_conv01
	6                                  Ac_conv03
	7                                  Ac_glitch03
	8                                  Ac_resetvalue01
	9                                  Ac_unsync01
	10                                 Ac_unsync02
	11                                 Ar_asyncdeassert01
	12                                 Ar_converge01
	13                                 Ar_syncrst_setupcheck01
	14                                 Ar_syncrstactive01
	15                                 Ar_syncrstcombo01
	16                                 Ar_syncrstload01
	17                                 Ar_syncrstload02
	18                                 Ar_syncrstpragma01
	19                                 Ar_syncrstrtl01
	20                                 Ar_unsync01
	21                                 Clock_check10
	22                                 Clock_converge01
	23                                 Clock_info03a
	24                                 Clock_info03c
	25                                 Clock_info05
	26                                 Clock_info05b
	27                                 Clock_sync05
	28                                 Clock_sync06
	29                                 FalsePathSetup
	30                                 Reset_check03
	31                                 Reset_check10
	32                                 Reset_check11
	33                                 Reset_check12
	34                                 Reset_info09a
	35                                 Reset_sync02
	36                                 Reset_sync04
================================================================================
