
################################################################################
#
# This file has been generated by SpyGlass:
#     Report Name      : waiver
#     Report Created by: ICer
#     Report Created on:  Mon Sep 28 06:20:47 2026
#     Working Directory: /home/ICer/Labs/lint_sys/spyglass
#     SpyGlass Version : SpyGlass_vL-2016.06
#     Policy Name      : SpyGlass(SpyGlass_vL-2016.06)
#                        clock-reset(SpyGlass_vL-2016.06)
#
#     Total Number of Generated Messages :         45
#     Number of Waived Messages          :          5
#     Number of Reported Messages        :         40
#     Number of Overlimit Messages       :          0
#
#     Total Number of Waivers                            :          7
#     Number of Waivers Applied                          :          7
#     Number of Waivers with Regex and/or wildcard       :          0
#     Number of Waivers with -rule                       :          7
#     Number of Waivers with line number and/or file info:          0
#     Number of Waive -IP commands                       :          0
#
#
################################################################################

WAIVER REPORT:
+++++++++++++++++++++++++++++++++++++++++++++++++++++++++++++++++++++++++++++++

Design Issues Waiver Report
+++++++++++++++++++++++++++++++++++++++++++++++++++++++++++++++++++++++++++++++

Waiver comment : Created by ICer on 28-Sep-2026 05:43:58
waive -msg q%Fast('SYS_TOP.REF_CLK') to slow('SYS_TOP.UART_TX_CLK') clock crossing(from 'SYS_TOP.U0_FIFO.wptr[4]' to 'SYS_TOP.U0_FIFO.sync_w2r.sync_reg[4]') detected. Data hold check:Partially-Proved% \
      -rule "Ac_cdc01a" 
#spg_backref : "./spyglass-1/cdc/cdc_verify/spyglass-1_waiver_file.awl" 1

1 message(s) waived:
===============================================================================
Index    Rule      Severity File             Line Wt Message
===============================================================================
[6B]     Ac_cdc01a Warning  ../rtl/DF_SYNC.v 16   10 Fast('SYS_TOP.REF_CLK') to slow('SYS_TOP.UART_TX_CLK') clock crossing(from 'SYS_TOP.U0_FIFO.wptr[4]' to 'SYS_TOP.U0_FIFO.sync_w2r.sync_reg[4]') detected. Data hold check:Partially-Proved
===============================================================================

Waiver comment : Created by ICer on 28-Sep-2026 05:44:32
waive -msg q%Synchronized crossing: destination flop 'SYS_TOP.U0_UART.U0_UART_TX.parity_u0.par_bit', clocked by 'SYS_TOP.UART_TX_CLK', source flop 'SYS_TOP.U0_FIFO.fifo_mem.mem[15:0][7:0]', clocked by 'SYS_TOP.REF_CLK'. Data-enable sequencing check: Partially-Proved% \
      -rule "Ac_datahold01a" 
#spg_backref : "./spyglass-1/cdc/cdc_verify/spyglass-1_waiver_file.awl" 3

1 message(s) waived:
===============================================================================
Index    Rule           Severity File            Line Wt Message
===============================================================================
[6D]     Ac_datahold01a Warning  ../rtl/PARITY.v 19   2  Synchronized crossing: destination flop 'SYS_TOP.U0_UART.U0_UART_TX.parity_u0.par_bit', clocked by 'SYS_TOP.UART_TX_CLK', source flop 'SYS_TOP.U0_FIFO.fifo_mem.mem[15:0][7:0]', clocked by 'SYS_TOP.REF_CLK'. Data-enable sequencing check: Partially-Proved
===============================================================================

Waiver comment : Created by ICer on 28-Sep-2026 05:44:40
waive -msg q%Synchronized crossing: destination flop 'SYS_TOP.U0_UART.U0_UART_TX.ser_u0.shift_reg[7:0]', clocked by 'SYS_TOP.UART_TX_CLK', source flop 'SYS_TOP.U0_FIFO.fifo_mem.mem[15:0][7:0]', clocked by 'SYS_TOP.REF_CLK'. Data-enable sequencing check: Partially-Proved% \
      -rule "Ac_datahold01a" 
#spg_backref : "./spyglass-1/cdc/cdc_verify/spyglass-1_waiver_file.awl" 4

1 message(s) waived:
===============================================================================
Index    Rule           Severity File                Line Wt Message
===============================================================================
[6E]     Ac_datahold01a Warning  ../rtl/SERIALIZER.v 24   2  Synchronized crossing: destination flop 'SYS_TOP.U0_UART.U0_UART_TX.ser_u0.shift_reg[7:0]', clocked by 'SYS_TOP.UART_TX_CLK', source flop 'SYS_TOP.U0_FIFO.fifo_mem.mem[15:0][7:0]', clocked by 'SYS_TOP.REF_CLK'. Data-enable sequencing check: Partially-Proved
===============================================================================

Waiver comment : Created by ICer on 28-Sep-2026 05:44:53
waive -msg q%Clock domain propagation for clock 'SYS_TOP.UART_CLK' has reached clock 'SYS_TOP.UART_TX_CLK' of another domain. Halting further propagation of clock 'SYS_TOP.UART_CLK' on this path% \
      -rule "Clock_check07" 
#spg_backref : "./spyglass-1/cdc/cdc_verify/spyglass-1_waiver_file.awl" 5

1 message(s) waived:
===============================================================================
Index    Rule          Severity File             Line Wt Message
===============================================================================
[5]      Clock_check07 Warning  ../rtl/SYS_TOP.v 136  2  Clock domain propagation for clock 'SYS_TOP.UART_CLK' has reached clock 'SYS_TOP.UART_TX_CLK' of another domain. Halting further propagation of clock 'SYS_TOP.UART_CLK' on this path
===============================================================================

Waiver comment : Created by ICer on 28-Sep-2026 05:45:07
waive -msg q%Clock domain propagation for clock 'SYS_TOP.UART_CLK' has reached clock 'SYS_TOP.UART_RX_CLK' of another domain. Halting further propagation of clock 'SYS_TOP.UART_CLK' on this path% \
      -rule "Clock_check07" 
#spg_backref : "./spyglass-1/cdc/cdc_verify/spyglass-1_waiver_file.awl" 6

1 message(s) waived:
===============================================================================
Index    Rule          Severity File             Line Wt Message
===============================================================================
[6]      Clock_check07 Warning  ../rtl/SYS_TOP.v 155  2  Clock domain propagation for clock 'SYS_TOP.UART_CLK' has reached clock 'SYS_TOP.UART_RX_CLK' of another domain. Halting further propagation of clock 'SYS_TOP.UART_CLK' on this path
===============================================================================

===============================================================================
Design Issues Waivers Waiving Zero Violations
===============================================================================
Waiver comment : Created by ICer on 28-Sep-2026 05:44:11
waive -msg q%At least two bits (70, 31) of source bus "SYS_TOP.U0_FIFO.fifo_mem.mem" are not uniformly synchronized to destination bus "SYS_TOP.U0_UART.U0_UART_TX.ser_u0.shift_reg". Reason: different synchronization scheme used% \
      -rule "Ac_conv04" 
#spg_backref : "./spyglass-1/cdc/cdc_verify/spyglass-1_waiver_file.awl" 2

Waiver comment : Created by ICer on 28-Sep-2026 06:13:15
waive -msg q%At least two bits (14, 127) of source bus "SYS_TOP.U0_FIFO.fifo_mem.mem" are not uniformly synchronized to destination bus "SYS_TOP.U0_UART.U0_UART_TX.ser_u0.shift_reg". Reason: different synchronization scheme used% \
      -rule "Ac_conv04" 
#spg_backref : "./spyglass-1/cdc/cdc_verify/spyglass-1_waiver_file.awl" 7

===============================================================================

