
################################################################################
################################################################################
#
# This file has been generated by SpyGlass:
#     Report Created by: ICer
#     Report Created on: Mon Sep 28 06:20:06 2026
#     Working Directory: /home/ICer/Labs/lint_sys/spyglass
#     Report Location  : ./spyglass-1/cdc/clock_reset_integrity/spyglass_reports/clock-reset/adv_cdc.rpt
#     SpyGlass Version : SpyGlass_vL-2016.06
#     Policy Name      : clock-reset(SpyGlass_vL-2016.06)
#     Comment          : Generated by clock-reset
#
################################################################################


################################################################################
#
# Purpose: 
#   This report contains the functional analysis statistics of a design.
#
# Format: 
#   It contains the following sections :
#   Section A: Clock Information
#     Lists the clock information of the design 
#   Section B: Reset Information
#     Lists the reset information of the design 
#   Section C: Set-Case Analysis Settings
#     Lists the set case analysis settings used in the design 
#   Section D: Initial State of the Design
#     Lists the initial-state statistics of the design along with the 
#     reset percentage. The initial state of each register can be seen 
#     in adv_cdc.reg file.
#   Section E: Results Summary (Current) 
#     Lists the statistics of the assertions formed for each rule.
#     Following is a description of the columns of this table:
#       Passed           - Assertions that prove are listed here
#       Failed           - Assertions that fail are listed here
#       Partially Proved - Assertions that remain unconcluded are listed along
#                          with the average depth of formal analysis
#       Not Analyzed     - This column gets populated in audit mode(-fa_audit)
#       Others           - Lists those assertions for which functional analysis
#                          could not be carried out either due to Conflicting
#                          Constraints or due to some Internal-Error
#   Section F: Results Summary (Cumulative) 
#     Lists the summary of cumulative set of assertions formed in the current 
#     run and the information of earlier runs in the property file. This section 
#     is printed when you specify a property file using the -fa_propfile
#     command-line option.
#   Section G: Assertion Details
#     Lists the assertion details. In case of failures and partially proved 
#     assertions, the depth information is also reported. 
#     The format for this is : 
#       <CycleDepth> (<Depth>) where
#           <CycleDepth> - Number of cycles of the fastest clock till that depth
#           <Depth>      - Verification Depth till which the assertion was evaluated
################################################################################

Section A: Clock Information
=============================

(clock): (period); (clock source); (rising/falling); (edgeList); (no. of flops on posedge); (no. of flops on negedge)
-----------------------------------------------------------------------------------------------------
SYS_TOP.ALU_CLK: 40.00; SGDC; Rising; (0.0, 20.0); 17; 0
SYS_TOP.UART_RX_CLK: 271.25; SGDC; Rising; (0.0, 135.6); 33; 0
SYS_TOP.UART_TX_CLK: 271.25; SGDC; Rising; (0.0, 135.6); 41; 0
SYS_TOP.REF_CLK: 20.00; SGDC; Rising; (0.0, 10.0); 353; 0
SYS_TOP.UART_CLK: 271.25; SGDC; Rising; (0.0, 135.6); 11; 0

Design Cycle: 0

##########################################################################################################


Section B: Resets Information
==============================

(reset) ; (value)
------------------------
SYS_TOP.RST_N ; Active Low

##########################################################################################################


Section C: Set-Case Analysis Settings
======================================

(name) ; (value)
------------------------
SYS_TOP.U0_RegFile.reg_file[16] ; 1
SYS_TOP.U0_RegFile.reg_file[17] ; 1
SYS_TOP.U0_RegFile.reg_file[18] ; 1
SYS_TOP.U0_RegFile.reg_file[19] ; 1
SYS_TOP.U0_RegFile.reg_file[20] ; 1
SYS_TOP.U0_RegFile.reg_file[21] ; 1
SYS_TOP.U0_RegFile.reg_file[22] ; 1
SYS_TOP.U0_RegFile.reg_file[23] ; 1
SYS_TOP.U0_RegFile.reg_file[24] ; 1
SYS_TOP.U0_RegFile.reg_file[25] ; 1
SYS_TOP.U0_RegFile.reg_file[26] ; 1
SYS_TOP.U0_RegFile.reg_file[27] ; 1
SYS_TOP.U0_RegFile.reg_file[28] ; 1
SYS_TOP.U0_RegFile.reg_file[29] ; 1
SYS_TOP.U0_RegFile.reg_file[30] ; 1
SYS_TOP.U0_RegFile.reg_file[31] ; 1

##########################################################################################################


Section D: Initial State of the Design
======================================

Total no of FFs: 464
No of '1's: 19
No of '0's: 317
No of 'x's: 128
RESET PERCENTAGE for root 'SYS_TOP'(464 flops) is '72.41%'

################################################################################

Section E: Results Summary (Current)
====================================

------------------------------------------------------------------------------------------------------------------------
RuleName            Passed         Failed         Partially Proved         Not Analyzed         Others         Total
                                                   (Average Depth) 
------------------------------------------------------------------------------------------------------------------------
------------------------------------------------------------------------------------------------------------------------
Total                  0              0                   0                      0                 0             0
------------------------------------------------------------------------------------------------------------------------

################################################################################

Section F: Results Summary (Cumulative)
========================================

NOT APPLICABLE (AS NO PROPERTY FILE PASSED)

################################################################################

################################################################################
