
################################################################################
#
# This file has been generated by SpyGlass:
#     Report Name      : no_msg_reporting_rules
#     Report Created by: ICer
#     Report Created on:  Mon Sep 28 06:20:03 2026
#     Working Directory: /home/ICer/Labs/lint_sys/spyglass
#     SpyGlass Version : SpyGlass_vL-2016.06
#     Policy Name      : SpyGlass(SpyGlass_vL-2016.06)
#                        clock-reset(SpyGlass_vL-2016.06)
#                        timing(SpyGlass_vL-2016.06)
#
#     Total Number of Generated Messages :         14
#     Number of Waived Messages          :          2
#     Number of Reported Messages        :         12
#     Number of Overlimit Messages       :          0
#
#
################################################################################

NO VIOLATION RULE REPORT :
++++++++++++++++++++++++++++++++++++++++++++++++++++++++++++++++++++++++++++++++

Following rules did not produce any violation or waived off during spyglass run

++++++++++++++++++++++++++++++++++++++++++++++++++++++++++++++++++++++++++++++++


================================================================================
	INDEX                                   RULE-NAME
================================================================================
	1                                  Ar_converge01
	2                                  ClockEnableRace
	3                                  Clock_Reset_check01
	4                                  Clock_Reset_check02
	5                                  Clock_Reset_check03
	6                                  Clock_check01
	7                                  Clock_check04
	8                                  Clock_converge01
	9                                  Clock_glitch02
	10                                 Clock_glitch03
	11                                 Clock_glitch04
	12                                 Clock_info05b
	13                                 Reset_check01
	14                                 Reset_check02
	15                                 Reset_check03
	16                                 Reset_check04
	17                                 Reset_check06
	18                                 Reset_check07
================================================================================
