
################################################################################
#
# This file has been generated by SpyGlass:
#     Report Name      : waiver
#     Report Created by: ICer
#     Report Created on:  Mon Sep 28 06:20:03 2026
#     Working Directory: /home/ICer/Labs/lint_sys/spyglass
#     SpyGlass Version : SpyGlass_vL-2016.06
#     Policy Name      : SpyGlass(SpyGlass_vL-2016.06)
#                        clock-reset(SpyGlass_vL-2016.06)
#                        timing(SpyGlass_vL-2016.06)
#
#     Total Number of Generated Messages :         14
#     Number of Waived Messages          :          2
#     Number of Reported Messages        :         12
#     Number of Overlimit Messages       :          0
#
#     Total Number of Waivers                            :          2
#     Number of Waivers Applied                          :          2
#     Number of Waivers with Regex and/or wildcard       :          0
#     Number of Waivers with -rule                       :          2
#     Number of Waivers with line number and/or file info:          0
#     Number of Waive -IP commands                       :          0
#
#
################################################################################

WAIVER REPORT:
+++++++++++++++++++++++++++++++++++++++++++++++++++++++++++++++++++++++++++++++

Design Issues Waiver Report
+++++++++++++++++++++++++++++++++++++++++++++++++++++++++++++++++++++++++++++++

Waiver comment : Created by ICer on 28-Sep-2026 01:24:45
waive -msg q%Clock domain propagation for clock 'SYS_TOP.UART_CLK' has reached clock 'SYS_TOP.UART_TX_CLK' of another domain. Halting further propagation of clock 'SYS_TOP.UART_CLK' on this path% \
      -rule "Clock_check07" 
#spg_backref : "./spyglass-1/cdc/clock_reset_integrity/spyglass-1_waiver_file.awl" 1

1 message(s) waived:
===============================================================================
Index    Rule          Severity File             Line Wt Message
===============================================================================
[5]      Clock_check07 Warning  ../rtl/SYS_TOP.v 136  2  Clock domain propagation for clock 'SYS_TOP.UART_CLK' has reached clock 'SYS_TOP.UART_TX_CLK' of another domain. Halting further propagation of clock 'SYS_TOP.UART_CLK' on this path
===============================================================================

Waiver comment : Created by ICer on 28-Sep-2026 01:24:55
waive -msg q%Clock domain propagation for clock 'SYS_TOP.UART_CLK' has reached clock 'SYS_TOP.UART_RX_CLK' of another domain. Halting further propagation of clock 'SYS_TOP.UART_CLK' on this path% \
      -rule "Clock_check07" 
#spg_backref : "./spyglass-1/cdc/clock_reset_integrity/spyglass-1_waiver_file.awl" 2

1 message(s) waived:
===============================================================================
Index    Rule          Severity File             Line Wt Message
===============================================================================
[6]      Clock_check07 Warning  ../rtl/SYS_TOP.v 155  2  Clock domain propagation for clock 'SYS_TOP.UART_CLK' has reached clock 'SYS_TOP.UART_RX_CLK' of another domain. Halting further propagation of clock 'SYS_TOP.UART_CLK' on this path
===============================================================================

