################################################################################
#
# This file has been generated by SpyGlass:
#     Report Created by: ICer
#     Report Created on: Mon Sep 28 01:15:21 2026
#     Working Directory: /home/ICer/Labs/lint_sys/spyglass
#     Report Location  : ./spyglass-1/Design_Read/spyglass_reports/SpyGlass/elab_summary.rpt
#     SpyGlass Version : SpyGlass_vL-2016.06
#     Policy Name      : SpyGlass(SpyGlass_vL-2016.06)
#     Comment          : This report contains RTL and Elaborated names along with parameter values
#
################################################################################

================================================================================
Elaborated Name: 'RST_SYNC'
    (RTL Design Unit name: 'RST_SYNC', ../rtl/RST_SYNC.v:1)
     Parameters (Total: 1)
         NUM_STAGES = 2 (default: 2)
     Instances (Total: 2): SYS_TOP.U1_RST_SYNC, SYS_TOP.U0_RST_SYNC 

================================================================================

Elaborated Name: 'DATA_SYNC'
    (RTL Design Unit name: 'DATA_SYNC', ../rtl/DATA_SYNC.v:1)
     Parameters (Total: 2)
         NUM_STAGES = 2 (default: 2)
         BUS_WIDTH  = 8 (default: 8)
     Instances (Total: 1): SYS_TOP.U0_ref_sync 

================================================================================

Elaborated Name: 'ASYNC_FIFO_TOP'
    (RTL Design Unit name: 'ASYNC_FIFO_TOP', ../rtl/ASYNC_FIFO_TOP.v:2)
     Parameters (Total: 2)
         DATA_WIDTH = 8 (default: 8)
         ADDRSIZE   = 4 (default: 4)
     Instances (Total: 1): SYS_TOP.U0_FIFO 

================================================================================

Elaborated Name: 'FIFO_WR'
    (RTL Design Unit name: 'FIFO_WR', ../rtl/FIFO_WR.v:1)
     Parameters (Total: 1)
         ADDRSIZE = 4 (default: 4)
     Instances (Total: 1): SYS_TOP.U0_FIFO.fifo_wr 

================================================================================

Elaborated Name: 'FIFO_RD'
    (RTL Design Unit name: 'FIFO_RD', ../rtl/FIFO_RD.v:2)
     Parameters (Total: 1)
         ADDRSIZE = 4 (default: 4)
     Instances (Total: 1): SYS_TOP.U0_FIFO.fifo_rd 

================================================================================

Elaborated Name: 'FIFO_MEM_CNTRL'
    (RTL Design Unit name: 'FIFO_MEM_CNTRL', ../rtl/FIFO_MEM_CNTRL.v:2)
     Parameters (Total: 3)
         DATA_WIDTH = 8 (default: 8)
         ADDRSIZE   = 4 (default: 4)
         DEPTH      = 16 (default: (1 << ADDRSIZE))
     Instances (Total: 1): SYS_TOP.U0_FIFO.fifo_mem 

================================================================================

Elaborated Name: 'DF_SYNC'
    (RTL Design Unit name: 'DF_SYNC', ../rtl/DF_SYNC.v:1)
     Parameters (Total: 1)
         PTR_WIDTH = 5 (default: 4)
     Instances (Total: 2): SYS_TOP.U0_FIFO.sync_w2r, SYS_TOP.U0_FIFO.sync_r2w 

================================================================================

Elaborated Name: 'pulse_gen'
    (RTL Design Unit name: 'pulse_gen', ../rtl/pulse_gen.v:2)
     Parameters (Total: 0)
     Instances (Total: 1): SYS_TOP.U0_PULSE_GEN 

================================================================================

Elaborated Name: 'CLK_DIV'
    (RTL Design Unit name: 'CLK_DIV', ../rtl/CLK_DIV.v:1)
     Parameters (Total: 0)
     Instances (Total: 2): SYS_TOP.U1_ClkDiv, SYS_TOP.U0_ClkDiv 

================================================================================

Elaborated Name: 'CLOCK_DIV_MUX'
    (RTL Design Unit name: 'CLOCK_DIV_MUX', ../rtl/CLOCK_DIV_MUX.v:2)
     Parameters (Total: 1)
         WIDTH = 8 (default: 8)
     Instances (Total: 1): SYS_TOP.U0_CLKDIV_MUX 

================================================================================

Elaborated Name: 'TOP_UART'
    (RTL Design Unit name: 'TOP_UART', ../rtl/TOP_UART.v:1)
     Parameters (Total: 2)
         PARALLEL_DATA_WIDTH = 8 (default: 8)
         Prescale_width      = 6 (default: 6)
     Instances (Total: 1): SYS_TOP.U0_UART 

================================================================================

Elaborated Name: 'TOP_UART_TX'
    (RTL Design Unit name: 'TOP_UART_TX', ../rtl/TOP_UART_TX.v:1)
     Parameters (Total: 3)
         PARALLEL_DATA_WIDTH = 8 (default: 8)
         START_BIT           = 0 (default: 1'b0)
         STOP_BIT            = 1 (default: 1'b1)
     Instances (Total: 1): SYS_TOP.U0_UART.U0_UART_TX 

================================================================================

Elaborated Name: 'SERIALIZER'
    (RTL Design Unit name: 'SERIALIZER', ../rtl/SERIALIZER.v:1)
     Parameters (Total: 1)
         DATA_WIDTH = 8 (default: 8)
     Instances (Total: 1): SYS_TOP.U0_UART.U0_UART_TX.ser_u0 

================================================================================

Elaborated Name: 'FSM_tx'
    (RTL Design Unit name: 'FSM_tx', ../rtl/FSM_tx.sv:1)
     Parameters (Total: 4)
         I0 = 0 (default: 2'b00)
         I1 = 1 (default: 2'b01)
         I2 = 2 (default: 2'b10)
         I3 = 3 (default: 2'b11)
     Instances (Total: 1): SYS_TOP.U0_UART.U0_UART_TX.fsm_u0 

================================================================================

Elaborated Name: 'PARITY'
    (RTL Design Unit name: 'PARITY', ../rtl/PARITY.v:1)
     Parameters (Total: 0)
     Instances (Total: 1): SYS_TOP.U0_UART.U0_UART_TX.parity_u0 

================================================================================

Elaborated Name: 'MUX'
    (RTL Design Unit name: 'MUX', ../rtl/MUX.v:1)
     Parameters (Total: 0)
     Instances (Total: 1): SYS_TOP.U0_UART.U0_UART_TX.mux_u0 

================================================================================

Elaborated Name: 'TOP_UART_RX'
    (RTL Design Unit name: 'TOP_UART_RX', ../rtl/TOP_UART_RX.v:1)
     Parameters (Total: 1)
         Prescale_width = 6 (default: 6)
     Instances (Total: 1): SYS_TOP.U0_UART.U0_UART_RX 

================================================================================

Elaborated Name: 'Data_Sampling'
    (RTL Design Unit name: 'Data_Sampling', ../rtl/Data_Sampling.v:1)
     Parameters (Total: 1)
         Prescale_width = 6 (default: 6)
     Instances (Total: 1): SYS_TOP.U0_UART.U0_UART_RX.U0 

================================================================================

Elaborated Name: 'edge_bit_counter'
    (RTL Design Unit name: 'edge_bit_counter', ../rtl/edge_bit_counter.v:1)
     Parameters (Total: 1)
         Prescale_width = 6 (default: 6)
     Instances (Total: 1): SYS_TOP.U0_UART.U0_UART_RX.U1 

================================================================================

Elaborated Name: 'Deserializer'
    (RTL Design Unit name: 'Deserializer', ../rtl/Deserializer.v:1)
     Parameters (Total: 0)
     Instances (Total: 1): SYS_TOP.U0_UART.U0_UART_RX.U2 

================================================================================

Elaborated Name: 'Parity_Check'
    (RTL Design Unit name: 'Parity_Check', ../rtl/Parity_Check.v:1)
     Parameters (Total: 0)
     Instances (Total: 1): SYS_TOP.U0_UART.U0_UART_RX.U3 

================================================================================

Elaborated Name: 'Start_Check'
    (RTL Design Unit name: 'Start_Check', ../rtl/Start_Check.v:1)
     Parameters (Total: 0)
     Instances (Total: 1): SYS_TOP.U0_UART.U0_UART_RX.U4 

================================================================================

Elaborated Name: 'Stop_Check'
    (RTL Design Unit name: 'Stop_Check', ../rtl/Stop_Check.v:1)
     Parameters (Total: 0)
     Instances (Total: 1): SYS_TOP.U0_UART.U0_UART_RX.U5 

================================================================================

Elaborated Name: 'FSM'
    (RTL Design Unit name: 'FSM', ../rtl/FSM.sv:1)
     Parameters (Total: 1)
         Prescale_width = 6 (default: 6)
     Instances (Total: 1): SYS_TOP.U0_UART.U0_UART_RX.U6 

================================================================================

Elaborated Name: 'sys_ctrl'
    (RTL Design Unit name: 'sys_ctrl', ../rtl/sys_ctrl.sv:2)
     Parameters (Total: 7)
         DATA_WIDTH     = 8 (default: 8)
         ADDR_WIDTH     = 4 (default: 4)
         ALU_FUN_WD     = 4 (default: 4)
         WR_CMD         = 170 (default: 8'hAA)
         RD_CMD         = 187 (default: 8'hBB)
         ALU_OPER_W_OP  = 204 (default: 8'hCC)
         ALU_OPER_W_NOP = 221 (default: 8'hDD)
     Instances (Total: 1): SYS_TOP.U0_SYS_CTRL 

================================================================================

Elaborated Name: 'reg_file_edit'
    (RTL Design Unit name: 'reg_file_edit', ../rtl/reg_file_edit.v:1)
     Parameters (Total: 0)
     Instances (Total: 1): SYS_TOP.U0_RegFile 

================================================================================

Elaborated Name: 'alu_edit'
    (RTL Design Unit name: 'alu_edit', ../rtl/alu_edit.v:1)
     Parameters (Total: 2)
         OPER_WIDTH = 8 (default: 8)
         OUT_WIDTH  = 16 (default: (OPER_WIDTH * 2))
     Instances (Total: 1): SYS_TOP.U0_ALU 

================================================================================

Elaborated Name: 'CLK_GATE'
    (RTL Design Unit name: 'CLK_GATE', ../rtl/CLK_GATE.v:3)
     Parameters (Total: 0)
     Instances (Total: 1): SYS_TOP.U0_CLK_GATE 

================================================================================

Elaborated Name: 'SYS_TOP'
    (RTL Design Unit name: 'SYS_TOP', ../rtl/SYS_TOP.v:1)
     Parameters (Total: 1)
         DATA_WIDTH = 8 (default: 8)
================================================================================
