
################################################################################
#
# This file has been generated by SpyGlass:
#     Report Name      : no_msg_reporting_rules
#     Report Created by: ICer
#     Report Created on:  Mon Sep 28 06:10:17 2026
#     Working Directory: /home/ICer/Labs/lint_sys/spyglass
#     SpyGlass Version : SpyGlass_vL-2016.06
#     Policy Name      : SpyGlass(SpyGlass_vL-2016.06)
#                        erc(SpyGlass_vL-2016.06)
#                        latch(SpyGlass_vL-2016.06)
#                        lint(SpyGlass_vL-2016.06)
#                        morelint(SpyGlass_vL-2016.06)
#                        openmore(SpyGlass_vL-2016.06)
#                        simulation(SpyGlass_vL-2016.06)
#                        starc(SpyGlass_vL-2016.06)
#                        starc2005(SpyGlass_vL-2016.06)
#                        timing(SpyGlass_vL-2016.06)
#
#     Total Number of Generated Messages :          4
#     Number of Waived Messages          :          2
#     Number of Reported Messages        :          2
#     Number of Overlimit Messages       :          0
#
#
################################################################################

NO VIOLATION RULE REPORT :
++++++++++++++++++++++++++++++++++++++++++++++++++++++++++++++++++++++++++++++++

Following rules did not produce any violation or waived off during spyglass run

++++++++++++++++++++++++++++++++++++++++++++++++++++++++++++++++++++++++++++++++


================================================================================
	INDEX                                   RULE-NAME
================================================================================
	1                                  BlockHeader
	2                                  BufClock
	3                                  CheckDelayTimescale-ML
	4                                  CombLoop
	5                                  FlopEConst
	6                                  LatchFeedback
	7                                  NoAssignX-ML
	8                                  NoXInCase-ML
	9                                  ParamWidthMismatch-ML
	10                                 STARC05-1.2.1.2
	11                                 STARC05-1.3.1.3
	12                                 STARC05-1.4.3.4
	13                                 STARC05-2.1.3.1
	14                                 STARC05-2.1.4.5
	15                                 STARC05-2.1.5.3
	16                                 STARC05-2.1.6.5
	17                                 STARC05-2.10.1.4a
	18                                 STARC05-2.10.1.4b
	19                                 STARC05-2.10.2.3
	20                                 STARC05-2.10.3.2a
	21                                 STARC05-2.11.3.1
	22                                 STARC05-2.2.3.3
	23                                 STARC05-2.3.1.2c
	24                                 STARC05-2.3.1.5b
	25                                 STARC05-2.3.1.6
	26                                 STARC05-2.3.3.1
	27                                 STARC05-2.3.4.1v
	28                                 STARC05-2.4.1.5
	29                                 STARC05-2.5.1.2
	30                                 STARC05-2.5.1.7
	31                                 STARC05-2.5.1.9
	32                                 UndrivenInTerm-ML
	33                                 W110
	34                                 W110a
	35                                 W116
	36                                 W122
	37                                 W123
	38                                 W156
	39                                 W19
	40                                 W215
	41                                 W216
	42                                 W218
	43                                 W224
	44                                 W240
	45                                 W263
	46                                 W287a
	47                                 W287b
	48                                 W289
	49                                 W292
	50                                 W293
	51                                 W317
	52                                 W336
	53                                 W337
	54                                 W339a
	55                                 W352
	56                                 W362
	57                                 W392
	58                                 W398
	59                                 W414
	60                                 W415
	61                                 W415a
	62                                 W416
	63                                 W421
	64                                 W422
	65                                 W424
	66                                 W426
	67                                 W442a
	68                                 W442b
	69                                 W442c
	70                                 W442f
	71                                 W450L
	72                                 W467
	73                                 W480
	74                                 W481a
	75                                 W481b
	76                                 W486
	77                                 W496a
	78                                 W496b
	79                                 W499
	80                                 W502
	81                                 W505
	82                                 W528
	83                                 W66
	84                                 W71
	85                                 badimplicitSM1
	86                                 badimplicitSM2
	87                                 badimplicitSM4
	88                                 bothedges
	89                                 mixedsenselist
	90                                 sim_race02
================================================================================
