
################################################################################
#
# This file has been generated by SpyGlass:
#     Report Name      : waiver
#     Report Created by: ICer
#     Report Created on:  Mon Sep 28 06:10:17 2026
#     Working Directory: /home/ICer/Labs/lint_sys/spyglass
#     SpyGlass Version : SpyGlass_vL-2016.06
#     Policy Name      : SpyGlass(SpyGlass_vL-2016.06)
#                        erc(SpyGlass_vL-2016.06)
#                        latch(SpyGlass_vL-2016.06)
#                        lint(SpyGlass_vL-2016.06)
#                        morelint(SpyGlass_vL-2016.06)
#                        openmore(SpyGlass_vL-2016.06)
#                        simulation(SpyGlass_vL-2016.06)
#                        starc(SpyGlass_vL-2016.06)
#                        starc2005(SpyGlass_vL-2016.06)
#                        timing(SpyGlass_vL-2016.06)
#
#     Total Number of Generated Messages :          4
#     Number of Waived Messages          :          2
#     Number of Reported Messages        :          2
#     Number of Overlimit Messages       :          0
#
#     Total Number of Waivers                            :          4
#     Number of Waivers Applied                          :          4
#     Number of Waivers with Regex and/or wildcard       :          0
#     Number of Waivers with -rule                       :          4
#     Number of Waivers with line number and/or file info:          0
#     Number of Waive -IP commands                       :          0
#
#
################################################################################

WAIVER REPORT:
+++++++++++++++++++++++++++++++++++++++++++++++++++++++++++++++++++++++++++++++

Design Issues Waiver Report
+++++++++++++++++++++++++++++++++++++++++++++++++++++++++++++++++++++++++++++++

Waiver comment : Created by ICer on 28-Sep-2026 01:22:18
waive -msg q%Clock signal 'SYS_TOP.U0_ClkDiv.div_clk_reg' used as a non-clock (Used with name 'SYS_TOP.U0_ClkDiv.div_clk_reg')% \
      -rule q%STARC05-1.4.3.4% 
#spg_backref : "./spyglass-1/lint/lint_rtl/spyglass-1_waiver_file.awl" 1

1 message(s) waived:
===============================================================================
Index    Rule            Severity File             Line Wt Message
===============================================================================
[6]      STARC05-1.4.3.4 Warning  ../rtl/CLK_DIV.v 33   10 Clock signal 'SYS_TOP.U0_ClkDiv.div_clk_reg' used as a non-clock (Used with name 'SYS_TOP.U0_ClkDiv.div_clk_reg')
===============================================================================

Waiver comment : Created by ICer on 28-Sep-2026 06:09:59
waive -msg q%Enable pin EN on Flop SYS_TOP.U1_ClkDiv.div_clk_reg (master RTL_FDCE) is always disabled (tied low)(connected to SYS_TOP.U1_ClkDiv.VCC)% \
      -rule "FlopEConst" 
#spg_backref : "./spyglass-1/lint/lint_rtl/spyglass-1_waiver_file.awl" 4

1 message(s) waived:
===============================================================================
Index    Rule       Severity File             Line Wt Message
===============================================================================
[7]      FlopEConst Warning  ../rtl/CLK_DIV.v 33   10 Enable pin EN on Flop SYS_TOP.U1_ClkDiv.div_clk_reg (master RTL_FDCE) is  always disabled (tied low)(connected to SYS_TOP.U1_ClkDiv.VCC)
===============================================================================

===============================================================================
Design Issues Waivers Waiving Zero Violations
===============================================================================
Waiver comment : Created by ICer on 28-Sep-2026 01:22:26
waive -msg q%Clock signal 'SYS_TOP.U1_ClkDiv.div_clk_reg' used as a non-clock (Used with name 'SYS_TOP.U1_ClkDiv.div_clk_reg')% \
      -rule q%STARC05-1.4.3.4% 
#spg_backref : "./spyglass-1/lint/lint_rtl/spyglass-1_waiver_file.awl" 2

Waiver comment : Created by ICer on 28-Sep-2026 06:09:12
waive -msg q%Enable pin EN on Flop SYS_TOP.U1_ClkDiv.div_clk_reg (master RTL_FDCE) is always enabled (tied high)(connected to SYS_TOP.U1_ClkDiv.CLK_DIV_EN)% \
      -rule "FlopEConst" 
#spg_backref : "./spyglass-1/lint/lint_rtl/spyglass-1_waiver_file.awl" 3

===============================================================================

