
################################################################################
#
# This file has been generated by SpyGlass:
#     Report Name      : CDC-report
#     Report Created by: ICer
#     Report Created on:  Mon Sep 28 06:21:39 2026
#     Working Directory: /home/ICer/Labs/lint_sys/spyglass
#     SpyGlass Version : SpyGlass_vL-2016.06
#     Policy Name      : clock-reset(SpyGlass_vL-2016.06)
#     Comment          : CDC Setup and Analysis Report 
#
################################################################################

################################################################################
# 
# This report consists of the following sections:
# A. Run Information  
#    This section lists the total time taken to run the design and the peak memory.
#    Also shows the list of user-specified parameters.
# B. Design Information 
#    This section lists the flat instances and flops in the design.
#    It also shows the count of blackboxes.
# C. Setup Information 
#    This section reports the total clocks and resets in the design.
# D. Setup Audit Information: To be reviewed for setup signoff 
#    This section reports result of the setup rules to ensure that 
#    a. Registers are properly clocked
#    b. no clocks are defined in the fanout of other clocks
#    c. BlackBoxes are properly constrained 
# E. Analysis and Verification: Structural CDC Violations 
#    This section reports results of the rules which ensure that
#    a. There is no meta-stability problem across clock-domain
#    b. All crossings involving quasi-static signals have been analyzed
# F. Analysis and Verification: Information 
#    This section reports the count of qualifiers specified by user
#    or auto-inferred by spyglass
# G. Analysis and Verification: Functional CDC Violations 
#    This section reports results of the rules which ensure that
#    a. There is no issue with correlated signals crossing clock domains
#    b. There is no data loss for signal crossing a fast clock domain to a 
#      slow clock domain
# H. Analysis and Verification: Asynchronous Reset Verification 
#    This section reports results of the rules which ensure that
#    a. Asynchronous resets have been properly synchronized in each domain
#    b. Asynchronous resets have been deasserted properly
#    c. All registers have been properly reset
# I. Hierarchical CDC Verification : Abstraction Validation
#    This section reports results of the rules which ensure that
#    a. All abstracted blocks are in sync with top-level constraints 
################################################################################

================================================================================
A. Run Information 
================================================================================

  Total Time (in sec)                                                      : 11
  Memory used (in KB)                                                      : 9079476
  User defined Parameter values :
  ------------------------------------------------------------------------------
    -strict_sync_check                                           :yes 
    -handle_combo_arc                                            :yes 
    -fa_disable_sync_fifo                                        :yes 
    -enable_debug_data                                           :yes 
    -hier_wild_card                                              :no 
    -enable_mux_sync                                             :all 
    -enable_and_sync                                             :yes 
    -distributed_fifo                                            :yes 



================================================================================
B. Design Information 
================================================================================

  Total Flat Instances in design                                           : 1254
  Number of black-box (AnalyzeBBox)                                        : 0
      Black-boxes without definition or synthesis error (ErrorAnalyzeBBox) : 0



================================================================================
C. Setup Information 
================================================================================

 Number of total clocks                                                    : 5
    Number of user defined clocks                                          : 5
    Number of user defined generated clocks                                : 0
    Number of user defined virtual clocks                                  : 0
    Number of user defined domains                                         : 4
    Number of inferred clocks                                              : 0
    Number of black-box clocks                                             : 0
  Number of total resets                                                   : 1
    Number of user defined resets                                          : 1
    Number of BB resets                                                    : 0
  Number of set_case_analysis constraint                                   : 16
  Number of quasi_static constraint                                        : 0
  Number of assume_path constraint                                         : 0
  Number of cdc_false_path constraint                                      : 0

  For more details, refer to following files:
  --------------------------------------
   - clocks.csv
   - resets.csv
   - set_case_analysis.csv
   - parameterList.csv



================================================================================
D. Setup Audit: To be reviewed for setup signoff 
================================================================================

  Number of multi-definition on clock (Clock_check07)                                              : 0 
  Number of primary ports not associated with clocks (Setup_port01)                                : 0(0.00 %) 
  Number of black-boxes not fully constrained (Setup_blackbox01)                                   : 0 




================================================================================
E. Analysis and Verification: Structural CDC Violations
================================================================================

  Number of Scalar Signal Crossings                                          : 0
  Number of Vector Signal Crossings                                          : 0




================================================================================
F. Analysis and Verification: Information
================================================================================




================================================================================
G. Analysis and Verification: Functional CDC Violations
================================================================================






================================================================================
H. Analysis and Verification: Asynchronous Reset Verification
================================================================================





================================================================================
I : Hierarchical Verification : Abstraction Validation 
================================================================================


================================================================================



