
################################################################################
#
# This file has been generated by SpyGlass:
#     Report Name      : moresimple
#     Report Created by: ICer
#     Report Created on:  Mon Sep 28 06:21:39 2026
#     Working Directory: /home/ICer/Labs/lint_sys/spyglass
#     SpyGlass Version : SpyGlass_vL-2016.06
#     Policy Name      : SpyGlass(SpyGlass_vL-2016.06)
#                        clock-reset(SpyGlass_vL-2016.06)
#
#     Total Number of Generated Messages :         15
#     Number of Waived Messages          :          2
#     Number of Reported Messages        :         13
#     Number of Overlimit Messages       :          0
#
#
################################################################################

+++++++++++++++++++++++++++++++++++++++++++++++++++++++++++++++++++++++
MORESIMPLE REPORT:


############### BuiltIn -> RuleGroup=Design Read ###############
+++++++++++++++++++++++++++++++++++++++++++++++++++++++++++++++++++++++++++++++++++++++
ID       Rule                    Alias                   Severity    File                                                                        Line    Wt    Message
======================================================================================
[1]      DetectTopDesignUnits    DetectTopDesignUnits    Info        ../rtl/SYS_TOP.v                                                            1       2     Module SYS_TOP is a top level design unit
[0]      ElabSummary             ElabSummary             Info        ./spyglass-1/cdc/cdc_abstract/spyglass_reports/SpyGlass/elab_summary.rpt    0       2     Please refer file './spyglass-1/cdc/cdc_abstract/spyglass_reports/SpyGlass/elab_summary.rpt' for elab summary report
[A]      Info_Case_Analysis      showSimVal              Info        ../rtl/SYS_TOP.v                                                            1       10    Information for set_case_analysis value propagation for design 'SYS_TOP' is displayed
+++++++++++++++++++++++++++++++++++++++++++++++++++++++++++++++++++++++++++++++++++++++


############### BuiltIn -> RuleGroup=SGDC Checks ###############
+++++++++++++++++++++++++++++++++++++++++++++++++++++++++++++++++++++++++++++++++++++++
ID       Rule            Alias    Severity    File                Line    Wt    Message
======================================================================================
[2]      SGDC_input02             Info        sys_dft_top.sgdc    44      10    'none' not found on/within module 'SYS_TOP'.Considering it as virtual clock
[3]      SGDC_input02             Info        sys_dft_top.sgdc    45      10    'none' not found on/within module 'SYS_TOP'.Considering it as virtual clock
+++++++++++++++++++++++++++++++++++++++++++++++++++++++++++++++++++++++++++++++++++++++


############### Non-BuiltIn -> Goal=cdc/cdc_abstract ###############
+++++++++++++++++++++++++++++++++++++++++++++++++++++++++++++++++++++++++++++++++++++++
ID       Rule                Alias    Severity    File                                                                                                   Line    Wt    Message
======================================================================================
[C]      Ac_abstract01                Info        ./spyglass-1/cdc/cdc_abstract/spyglass_reports/abstract_view/SYS_TOP_DATA_WIDTH_8_cdc_abstract.sgdc    0       2     Abstracted sgdc file for module 'SYS_TOP' is generated
[7]      Propagate_Clocks             Info        ../rtl/SYS_TOP.v                                                                                       5       2     For SYS_TOP, clock(s) 'SYS_TOP.UART_CLK' of domain 'UART_DOMAIN' propagated
[8]      Propagate_Clocks             Info        ../rtl/SYS_TOP.v                                                                                       17      2     For SYS_TOP, clock(s) 'SYS_TOP.UART_TX_CLK' of domain 'TX_DOMAIN' propagated
[9]      Propagate_Clocks             Info        ../rtl/SYS_TOP.v                                                                                       18      2     For SYS_TOP, clock(s) 'SYS_TOP.UART_RX_CLK' of domain 'RX_DOMAIN' propagated
[4]      Propagate_Clocks             Info        ../rtl/SYS_TOP.v                                                                                       54      2     For SYS_TOP, clock(s) 'SYS_TOP.REF_CLK,SYS_TOP.ALU_CLK' of domain 'REF_DOMAIN' propagated
[B]      Propagate_Resets             Info        ../rtl/SYS_TOP.v                                                                                       4       2     For SYS_TOP, reset 'SYS_TOP.RST_N' propagated
[16]     Setup_port01                 Info        ../rtl/SYS_TOP.v                                                                                       1       2     Port coverage for top design unit 'SYS_TOP' is: '0' (0.00 %) port(s) not fully constrained
[15]     Setup_port01                 Info        ./spyglass-1/cdc/cdc_abstract/spyglass_reports/clock-reset/SYS_TOP_input_abstract.sgdc                 0       2     Abstracted sgdc file for input ports of block 'SYS_TOP' is generated
+++++++++++++++++++++++++++++++++++++++++++++++++++++++++++++++++++++++++++++++++++++++
