
################################################################################
#
# This file has been generated by SpyGlass:
#     Report Name      : RSTree
#     Report Created by: ICer
#     Report Created on:  Mon Sep 28 06:20:25 2026
#     Working Directory: /home/ICer/Labs/lint_sys/spyglass
#     SpyGlass Version : SpyGlass_vL-2016.06
#     Policy Name      : clock-reset(SpyGlass_vL-2016.06)
#     Comment          : Report Generated By Rule Reset_info02
#
################################################################################

################################################################################
# 
# Purpose: 
#     This report shows the reset trees for resets. It is generated if you have
#     enabled rule Reset_info02 and defined reset constraints or enabled parameter
#     use_inferred_resets.
#     This report is sensitive to any case analysis settings that have been set.
# 
# Format: 
#     The trees are shown in a tree-like format.(The nodes are indented according to
#     their position in hierarchy,"`--" is  used to indicate whether a net/cell is
#     the last child at a particular level,"|--" is used for rest of the nodes. The 
#     level is also printed in braces before every net/cell).
#     The (+)/(-) suffix to a leaf-level cell output net name indicates the reset
#     polarity reaching the flip-flop.
#     When (x) suffix is present, it indicates that reset polarity could not be
#     uniquely determined.
# 
#     A leaf on the tree can be one of:
#     a. A register inferred from the RTL - the hierarchical name of the registered
#                net is shown along with the polarity of the reset at that point
#     b. A black box - the hierarchical name of the black box instance is annotated
#                with its master name, the name of the pin connected to the reset, 
#                the polarity of the reset and (Black-Box) to indicate that
#                this is a black box
#     c. A latch inferred from the RTL - the hierarchical name of the latched net is
#                shown along with the polarity of the reset and (Latch) to indicate 
#                that this is latched net. For a latch to be a leaf, the data pin
#                of the latch should be connected to the reset.
#     d. A sequential leaf cell - the hierarchical name of the sequential instance, 
#                which is neither known to be a flop nor a latch, is annotated with 
#                its master name, the name of the pin connected to the reset, the polarity
#                of the reset and (Sequential Logic Cell) to indicate that this is a 
#                sequential leaf cell
# 
#     The intermediate nodes of a tree are the hierarchical name of the net found while 
#     walking along a path from the root of the tree to a leaf
#     If the same intermediate node is observed more than once on different paths
#     from root to leaves, then the sub-tree beyond this node is shown only after its
#     first occurence in the tree. For the other occurences, a reference to the sub-tree
#     is shown. This rule is recursively followed for the sub-trees also.
################################################################################

============================================
ROOT RESET: SYS_TOP.RST_N
|-- (1)SYS_TOP.U3_RST_SYNC.sync_reg[0] (-)
|-- (1)SYS_TOP.U3_RST_SYNC.sync_reg[1] (-)
|-- (1)SYS_TOP.U3_RST_SYNC.sync_reg[1]
|   `-- (2)SYS_TOP.SYNC_RX_RST
|       |-- (3)SYS_TOP.U0_UART.U0_UART_RX.RX_IN_sync (-)
|       |-- (3)SYS_TOP.U0_UART.U0_UART_RX.RX_IN_meta (-)
|       |-- (3)SYS_TOP.U0_UART.U0_UART_RX.U6.data_valid_r (-)
|       |-- (3)SYS_TOP.U0_UART.U0_UART_RX.U6.cs[0] (-)
|       |-- (3)SYS_TOP.U0_UART.U0_UART_RX.U6.cs[1] (-)
|       |-- (3)SYS_TOP.U0_UART.U0_UART_RX.U6.cs[2] (-)
|       |-- (3)SYS_TOP.STOP_error (-)
|       |-- (3)SYS_TOP.U0_UART.U0_UART_RX.strt_glitch (-)
|       |-- (3)SYS_TOP.parity_error (-)
|       |-- (3)SYS_TOP.UART_RX_OUT[0] (-)
|       |-- (3)SYS_TOP.UART_RX_OUT[1] (-)
|       |-- (3)SYS_TOP.UART_RX_OUT[2] (-)
|       |-- (3)SYS_TOP.UART_RX_OUT[3] (-)
|       |-- (3)SYS_TOP.UART_RX_OUT[4] (-)
|       |-- (3)SYS_TOP.UART_RX_OUT[5] (-)
|       |-- (3)SYS_TOP.UART_RX_OUT[6] (-)
|       |-- (3)SYS_TOP.UART_RX_OUT[7] (-)
|       |-- (3)SYS_TOP.U0_UART.U0_UART_RX.edge_cnt[0] (-)
|       |-- (3)SYS_TOP.U0_UART.U0_UART_RX.edge_cnt[1] (-)
|       |-- (3)SYS_TOP.U0_UART.U0_UART_RX.edge_cnt[2] (-)
|       |-- (3)SYS_TOP.U0_UART.U0_UART_RX.edge_cnt[3] (-)
|       |-- (3)SYS_TOP.U0_UART.U0_UART_RX.edge_cnt[4] (-)
|       |-- (3)SYS_TOP.U0_UART.U0_UART_RX.edge_cnt[5] (-)
|       |-- (3)SYS_TOP.U0_UART.U0_UART_RX.bit_cnt[0] (-)
|       |-- (3)SYS_TOP.U0_UART.U0_UART_RX.bit_cnt[1] (-)
|       |-- (3)SYS_TOP.U0_UART.U0_UART_RX.bit_cnt[2] (-)
|       |-- (3)SYS_TOP.U0_UART.U0_UART_RX.bit_cnt[3] (-)
|       |-- (3)SYS_TOP.U0_UART.U0_UART_RX.sampled_bit (-)
|       |-- (3)SYS_TOP.U0_UART.U0_UART_RX.U0.samples[0] (-)
|       |-- (3)SYS_TOP.U0_UART.U0_UART_RX.U0.samples[1] (-)
|       `-- (3)SYS_TOP.U0_UART.U0_UART_RX.U0.samples[2] (-)
|-- (1)SYS_TOP.U2_RST_SYNC.sync_reg[0] (-)
|-- (1)SYS_TOP.U2_RST_SYNC.sync_reg[1] (-)
|-- (1)SYS_TOP.U2_RST_SYNC.sync_reg[1]
|   `-- (2)SYS_TOP.SYNC_TX_RST
|       |-- (3)SYS_TOP.U0_UART.U0_UART_TX.parity_bit (-)
|       |-- (3)SYS_TOP.U0_UART.U0_UART_TX.fsm_u0.cs[0] (-)
|       |-- (3)SYS_TOP.U0_UART.U0_UART_TX.fsm_u0.cs[1] (-)
|       |-- (3)SYS_TOP.U0_UART.U0_UART_TX.fsm_u0.cs[2] (-)
|       |-- (3)SYS_TOP.U0_UART.U0_UART_TX.ser_done (-)
|       |-- (3)SYS_TOP.U0_UART.U0_UART_TX.ser_u0.shift_reg[0] (-)
|       |-- (3)SYS_TOP.U0_UART.U0_UART_TX.ser_u0.shift_reg[1] (-)
|       |-- (3)SYS_TOP.U0_UART.U0_UART_TX.ser_u0.shift_reg[2] (-)
|       |-- (3)SYS_TOP.U0_UART.U0_UART_TX.ser_u0.shift_reg[3] (-)
|       |-- (3)SYS_TOP.U0_UART.U0_UART_TX.ser_u0.shift_reg[4] (-)
|       |-- (3)SYS_TOP.U0_UART.U0_UART_TX.ser_u0.shift_reg[5] (-)
|       |-- (3)SYS_TOP.U0_UART.U0_UART_TX.ser_u0.shift_reg[6] (-)
|       |-- (3)SYS_TOP.U0_UART.U0_UART_TX.ser_u0.shift_reg[7] (-)
|       |-- (3)SYS_TOP.U0_UART.U0_UART_TX.ser_u0.counter[0] (-)
|       |-- (3)SYS_TOP.U0_UART.U0_UART_TX.ser_u0.counter[1] (-)
|       |-- (3)SYS_TOP.U0_UART.U0_UART_TX.ser_u0.counter[2] (-)
|       |-- (3)SYS_TOP.U0_PULSE_GEN.pls_flop (-)
|       |-- (3)SYS_TOP.U0_PULSE_GEN.rcv_flop (-)
|       |-- (3)SYS_TOP.U0_FIFO.rq2_wptr[0] (-)
|       |-- (3)SYS_TOP.U0_FIFO.rq2_wptr[1] (-)
|       |-- (3)SYS_TOP.U0_FIFO.rq2_wptr[2] (-)
|       |-- (3)SYS_TOP.U0_FIFO.rq2_wptr[3] (-)
|       |-- (3)SYS_TOP.U0_FIFO.rq2_wptr[4] (-)
|       |-- (3)SYS_TOP.U0_FIFO.sync_w2r.sync_reg[0] (-)
|       |-- (3)SYS_TOP.U0_FIFO.sync_w2r.sync_reg[1] (-)
|       |-- (3)SYS_TOP.U0_FIFO.sync_w2r.sync_reg[2] (-)
|       |-- (3)SYS_TOP.U0_FIFO.sync_w2r.sync_reg[3] (-)
|       |-- (3)SYS_TOP.U0_FIFO.sync_w2r.sync_reg[4] (-)
|       |-- (3)SYS_TOP.U0_FIFO.fifo_rd.rbin[0] (-)
|       |-- (3)SYS_TOP.U0_FIFO.fifo_rd.rbin[1] (-)
|       |-- (3)SYS_TOP.U0_FIFO.fifo_rd.rbin[2] (-)
|       |-- (3)SYS_TOP.U0_FIFO.fifo_rd.rbin[3] (-)
|       |-- (3)SYS_TOP.U0_FIFO.fifo_rd.rbin[4] (-)
|       |-- (3)SYS_TOP.U0_FIFO.rptr[0] (-)
|       |-- (3)SYS_TOP.U0_FIFO.rptr[1] (-)
|       |-- (3)SYS_TOP.U0_FIFO.rptr[2] (-)
|       |-- (3)SYS_TOP.U0_FIFO.rptr[3] (-)
|       |-- (3)SYS_TOP.U0_FIFO.rptr[4] (-)
|       `-- (3)SYS_TOP.UART_TX_V_SYNC (-)
|-- (1)SYS_TOP.U1_RST_SYNC.sync_reg[0] (-)
|-- (1)SYS_TOP.U1_RST_SYNC.sync_reg[1] (-)
|-- (1)SYS_TOP.U1_RST_SYNC.sync_reg[1]
|   `-- (2)SYS_TOP.SYNC_REF_RST
|       |-- (3)SYS_TOP.ALU_OUT[0] (-)
|       |-- (3)SYS_TOP.ALU_OUT[1] (-)
|       |-- (3)SYS_TOP.ALU_OUT[2] (-)
|       |-- (3)SYS_TOP.ALU_OUT[3] (-)
|       |-- (3)SYS_TOP.ALU_OUT[4] (-)
|       |-- (3)SYS_TOP.ALU_OUT[5] (-)
|       |-- (3)SYS_TOP.ALU_OUT[6] (-)
|       |-- (3)SYS_TOP.ALU_OUT[7] (-)
|       |-- (3)SYS_TOP.ALU_OUT[8] (-)
|       |-- (3)SYS_TOP.ALU_OUT[9] (-)
|       |-- (3)SYS_TOP.ALU_OUT[10] (-)
|       |-- (3)SYS_TOP.ALU_OUT[11] (-)
|       |-- (3)SYS_TOP.ALU_OUT[12] (-)
|       |-- (3)SYS_TOP.ALU_OUT[13] (-)
|       |-- (3)SYS_TOP.ALU_OUT[14] (-)
|       |-- (3)SYS_TOP.ALU_OUT[15] (-)
|       |-- (3)SYS_TOP.ALU_OUT_VLD (-)
|       |-- (3)SYS_TOP.RF_RdData_VLD (-)
|       |-- (3)SYS_TOP.RF_RdData[0] (-)
|       |-- (3)SYS_TOP.RF_RdData[1] (-)
|       |-- (3)SYS_TOP.RF_RdData[2] (-)
|       |-- (3)SYS_TOP.RF_RdData[3] (-)
|       |-- (3)SYS_TOP.RF_RdData[4] (-)
|       |-- (3)SYS_TOP.RF_RdData[5] (-)
|       |-- (3)SYS_TOP.RF_RdData[6] (-)
|       |-- (3)SYS_TOP.RF_RdData[7] (-)
|       |-- (3)SYS_TOP.U0_RegFile.reg_file[0][0] (-)
|       |-- (3)SYS_TOP.U0_RegFile.reg_file[0][1] (-)
|       |-- (3)SYS_TOP.U0_RegFile.reg_file[0][2] (-)
|       |-- (3)SYS_TOP.U0_RegFile.reg_file[0][3] (-)
|       |-- (3)SYS_TOP.U0_RegFile.reg_file[0][4] (-)
|       |-- (3)SYS_TOP.U0_RegFile.reg_file[0][5] (-)
|       |-- (3)SYS_TOP.U0_RegFile.reg_file[0][6] (-)
|       |-- (3)SYS_TOP.U0_RegFile.reg_file[0][7] (-)
|       |-- (3)SYS_TOP.U0_RegFile.reg_file[1][0] (-)
|       |-- (3)SYS_TOP.U0_RegFile.reg_file[1][1] (-)
|       |-- (3)SYS_TOP.U0_RegFile.reg_file[1][2] (-)
|       |-- (3)SYS_TOP.U0_RegFile.reg_file[1][3] (-)
|       |-- (3)SYS_TOP.U0_RegFile.reg_file[1][4] (-)
|       |-- (3)SYS_TOP.U0_RegFile.reg_file[1][5] (-)
|       |-- (3)SYS_TOP.U0_RegFile.reg_file[1][6] (-)
|       |-- (3)SYS_TOP.U0_RegFile.reg_file[1][7] (-)
|       |-- (3)SYS_TOP.U0_RegFile.reg_file[2][0] (-)
|       |-- (3)SYS_TOP.U0_RegFile.reg_file[2][1] (-)
|       |-- (3)SYS_TOP.U0_RegFile.reg_file[2][2] (-)
|       |-- (3)SYS_TOP.U0_RegFile.reg_file[2][3] (-)
|       |-- (3)SYS_TOP.U0_RegFile.reg_file[2][4] (-)
|       |-- (3)SYS_TOP.U0_RegFile.reg_file[2][5] (-)
|       |-- (3)SYS_TOP.U0_RegFile.reg_file[2][6] (-)
|       |-- (3)SYS_TOP.U0_RegFile.reg_file[2][7] (-)
|       |-- (3)SYS_TOP.U0_RegFile.reg_file[3][0] (-)
|       |-- (3)SYS_TOP.U0_RegFile.reg_file[3][1] (-)
|       |-- (3)SYS_TOP.U0_RegFile.reg_file[3][2] (-)
|       |-- (3)SYS_TOP.U0_RegFile.reg_file[3][3] (-)
|       |-- (3)SYS_TOP.U0_RegFile.reg_file[3][4] (-)
|       |-- (3)SYS_TOP.U0_RegFile.reg_file[3][5] (-)
|       |-- (3)SYS_TOP.U0_RegFile.reg_file[3][6] (-)
|       |-- (3)SYS_TOP.U0_RegFile.reg_file[3][7] (-)
|       |-- (3)SYS_TOP.U0_RegFile.reg_file[4][0] (-)
|       |-- (3)SYS_TOP.U0_RegFile.reg_file[4][1] (-)
|       |-- (3)SYS_TOP.U0_RegFile.reg_file[4][2] (-)
|       |-- (3)SYS_TOP.U0_RegFile.reg_file[4][3] (-)
|       |-- (3)SYS_TOP.U0_RegFile.reg_file[4][4] (-)
|       |-- (3)SYS_TOP.U0_RegFile.reg_file[4][5] (-)
|       |-- (3)SYS_TOP.U0_RegFile.reg_file[4][6] (-)
|       |-- (3)SYS_TOP.U0_RegFile.reg_file[4][7] (-)
|       |-- (3)SYS_TOP.U0_RegFile.reg_file[5][0] (-)
|       |-- (3)SYS_TOP.U0_RegFile.reg_file[5][1] (-)
|       |-- (3)SYS_TOP.U0_RegFile.reg_file[5][2] (-)
|       |-- (3)SYS_TOP.U0_RegFile.reg_file[5][3] (-)
|       |-- (3)SYS_TOP.U0_RegFile.reg_file[5][4] (-)
|       |-- (3)SYS_TOP.U0_RegFile.reg_file[5][5] (-)
|       |-- (3)SYS_TOP.U0_RegFile.reg_file[5][6] (-)
|       |-- (3)SYS_TOP.U0_RegFile.reg_file[5][7] (-)
|       |-- (3)SYS_TOP.U0_RegFile.reg_file[6][0] (-)
|       |-- (3)SYS_TOP.U0_RegFile.reg_file[6][1] (-)
|       |-- (3)SYS_TOP.U0_RegFile.reg_file[6][2] (-)
|       |-- (3)SYS_TOP.U0_RegFile.reg_file[6][3] (-)
|       |-- (3)SYS_TOP.U0_RegFile.reg_file[6][4] (-)
|       |-- (3)SYS_TOP.U0_RegFile.reg_file[6][5] (-)
|       |-- (3)SYS_TOP.U0_RegFile.reg_file[6][6] (-)
|       |-- (3)SYS_TOP.U0_RegFile.reg_file[6][7] (-)
|       |-- (3)SYS_TOP.U0_RegFile.reg_file[7][0] (-)
|       |-- (3)SYS_TOP.U0_RegFile.reg_file[7][1] (-)
|       |-- (3)SYS_TOP.U0_RegFile.reg_file[7][2] (-)
|       |-- (3)SYS_TOP.U0_RegFile.reg_file[7][3] (-)
|       |-- (3)SYS_TOP.U0_RegFile.reg_file[7][4] (-)
|       |-- (3)SYS_TOP.U0_RegFile.reg_file[7][5] (-)
|       |-- (3)SYS_TOP.U0_RegFile.reg_file[7][6] (-)
|       |-- (3)SYS_TOP.U0_RegFile.reg_file[7][7] (-)
|       |-- (3)SYS_TOP.U0_RegFile.reg_file[8][0] (-)
|       |-- (3)SYS_TOP.U0_RegFile.reg_file[8][1] (-)
|       |-- (3)SYS_TOP.U0_RegFile.reg_file[8][2] (-)
|       |-- (3)SYS_TOP.U0_RegFile.reg_file[8][3] (-)
|       |-- (3)SYS_TOP.U0_RegFile.reg_file[8][4] (-)
|       |-- (3)SYS_TOP.U0_RegFile.reg_file[8][5] (-)
|       |-- (3)SYS_TOP.U0_RegFile.reg_file[8][6] (-)
|       |-- (3)SYS_TOP.U0_RegFile.reg_file[8][7] (-)
|       |-- (3)SYS_TOP.U0_RegFile.reg_file[9][0] (-)
|       |-- (3)SYS_TOP.U0_RegFile.reg_file[9][1] (-)
|       |-- (3)SYS_TOP.U0_RegFile.reg_file[9][2] (-)
|       |-- (3)SYS_TOP.U0_RegFile.reg_file[9][3] (-)
|       |-- (3)SYS_TOP.U0_RegFile.reg_file[9][4] (-)
|       |-- (3)SYS_TOP.U0_RegFile.reg_file[9][5] (-)
|       |-- (3)SYS_TOP.U0_RegFile.reg_file[9][6] (-)
|       |-- (3)SYS_TOP.U0_RegFile.reg_file[9][7] (-)
|       |-- (3)SYS_TOP.U0_RegFile.reg_file[10][0] (-)
|       |-- (3)SYS_TOP.U0_RegFile.reg_file[10][1] (-)
|       |-- (3)SYS_TOP.U0_RegFile.reg_file[10][2] (-)
|       |-- (3)SYS_TOP.U0_RegFile.reg_file[10][3] (-)
|       |-- (3)SYS_TOP.U0_RegFile.reg_file[10][4] (-)
|       |-- (3)SYS_TOP.U0_RegFile.reg_file[10][5] (-)
|       |-- (3)SYS_TOP.U0_RegFile.reg_file[10][6] (-)
|       |-- (3)SYS_TOP.U0_RegFile.reg_file[10][7] (-)
|       |-- (3)SYS_TOP.U0_RegFile.reg_file[11][0] (-)
|       |-- (3)SYS_TOP.U0_RegFile.reg_file[11][1] (-)
|       |-- (3)SYS_TOP.U0_RegFile.reg_file[11][2] (-)
|       |-- (3)SYS_TOP.U0_RegFile.reg_file[11][3] (-)
|       |-- (3)SYS_TOP.U0_RegFile.reg_file[11][4] (-)
|       |-- (3)SYS_TOP.U0_RegFile.reg_file[11][5] (-)
|       |-- (3)SYS_TOP.U0_RegFile.reg_file[11][6] (-)
|       |-- (3)SYS_TOP.U0_RegFile.reg_file[11][7] (-)
|       |-- (3)SYS_TOP.U0_RegFile.reg_file[12][0] (-)
|       |-- (3)SYS_TOP.U0_RegFile.reg_file[12][1] (-)
|       |-- (3)SYS_TOP.U0_RegFile.reg_file[12][2] (-)
|       |-- (3)SYS_TOP.U0_RegFile.reg_file[12][3] (-)
|       |-- (3)SYS_TOP.U0_RegFile.reg_file[12][4] (-)
|       |-- (3)SYS_TOP.U0_RegFile.reg_file[12][5] (-)
|       |-- (3)SYS_TOP.U0_RegFile.reg_file[12][6] (-)
|       |-- (3)SYS_TOP.U0_RegFile.reg_file[12][7] (-)
|       |-- (3)SYS_TOP.U0_RegFile.reg_file[13][0] (-)
|       |-- (3)SYS_TOP.U0_RegFile.reg_file[13][1] (-)
|       |-- (3)SYS_TOP.U0_RegFile.reg_file[13][2] (-)
|       |-- (3)SYS_TOP.U0_RegFile.reg_file[13][3] (-)
|       |-- (3)SYS_TOP.U0_RegFile.reg_file[13][4] (-)
|       |-- (3)SYS_TOP.U0_RegFile.reg_file[13][5] (-)
|       |-- (3)SYS_TOP.U0_RegFile.reg_file[13][6] (-)
|       |-- (3)SYS_TOP.U0_RegFile.reg_file[13][7] (-)
|       |-- (3)SYS_TOP.U0_RegFile.reg_file[14][0] (-)
|       |-- (3)SYS_TOP.U0_RegFile.reg_file[14][1] (-)
|       |-- (3)SYS_TOP.U0_RegFile.reg_file[14][2] (-)
|       |-- (3)SYS_TOP.U0_RegFile.reg_file[14][3] (-)
|       |-- (3)SYS_TOP.U0_RegFile.reg_file[14][4] (-)
|       |-- (3)SYS_TOP.U0_RegFile.reg_file[14][5] (-)
|       |-- (3)SYS_TOP.U0_RegFile.reg_file[14][6] (-)
|       |-- (3)SYS_TOP.U0_RegFile.reg_file[14][7] (-)
|       |-- (3)SYS_TOP.U0_RegFile.reg_file[15][0] (-)
|       |-- (3)SYS_TOP.U0_RegFile.reg_file[15][1] (-)
|       |-- (3)SYS_TOP.U0_RegFile.reg_file[15][2] (-)
|       |-- (3)SYS_TOP.U0_RegFile.reg_file[15][3] (-)
|       |-- (3)SYS_TOP.U0_RegFile.reg_file[15][4] (-)
|       |-- (3)SYS_TOP.U0_RegFile.reg_file[15][5] (-)
|       |-- (3)SYS_TOP.U0_RegFile.reg_file[15][6] (-)
|       |-- (3)SYS_TOP.U0_RegFile.reg_file[15][7] (-)
|       |-- (3)SYS_TOP.U0_SYS_CTRL.current_state[0] (-)
|       |-- (3)SYS_TOP.U0_SYS_CTRL.current_state[1] (-)
|       |-- (3)SYS_TOP.U0_SYS_CTRL.current_state[2] (-)
|       |-- (3)SYS_TOP.U0_SYS_CTRL.current_state[3] (-)
|       |-- (3)SYS_TOP.RF_Address[0] (-)
|       |-- (3)SYS_TOP.RF_Address[1] (-)
|       |-- (3)SYS_TOP.RF_Address[2] (-)
|       |-- (3)SYS_TOP.RF_Address[3] (-)
|       |-- (3)SYS_TOP.RF_WrEn (-)
|       |-- (3)SYS_TOP.RF_RdEn (-)
|       |-- (3)SYS_TOP.RF_WrData[0] (-)
|       |-- (3)SYS_TOP.RF_WrData[1] (-)
|       |-- (3)SYS_TOP.RF_WrData[2] (-)
|       |-- (3)SYS_TOP.RF_WrData[3] (-)
|       |-- (3)SYS_TOP.RF_WrData[4] (-)
|       |-- (3)SYS_TOP.RF_WrData[5] (-)
|       |-- (3)SYS_TOP.RF_WrData[6] (-)
|       |-- (3)SYS_TOP.RF_WrData[7] (-)
|       |-- (3)SYS_TOP.ALU_FUN[0] (-)
|       |-- (3)SYS_TOP.ALU_FUN[1] (-)
|       |-- (3)SYS_TOP.ALU_FUN[2] (-)
|       |-- (3)SYS_TOP.ALU_FUN[3] (-)
|       |-- (3)SYS_TOP.ALU_EN (-)
|       |-- (3)SYS_TOP.CLKG_EN (-)
|       |-- (3)SYS_TOP.UART_TX_IN[0] (-)
|       |-- (3)SYS_TOP.UART_TX_IN[1] (-)
|       |-- (3)SYS_TOP.UART_TX_IN[2] (-)
|       |-- (3)SYS_TOP.UART_TX_IN[3] (-)
|       |-- (3)SYS_TOP.UART_TX_IN[4] (-)
|       |-- (3)SYS_TOP.UART_TX_IN[5] (-)
|       |-- (3)SYS_TOP.UART_TX_IN[6] (-)
|       |-- (3)SYS_TOP.UART_TX_IN[7] (-)
|       |-- (3)SYS_TOP.UART_TX_VLD (-)
|       |-- (3)SYS_TOP.U0_SYS_CTRL.addr_reg[0] (-)
|       |-- (3)SYS_TOP.U0_SYS_CTRL.addr_reg[1] (-)
|       |-- (3)SYS_TOP.U0_SYS_CTRL.addr_reg[2] (-)
|       |-- (3)SYS_TOP.U0_SYS_CTRL.addr_reg[3] (-)
|       |-- (3)SYS_TOP.U0_SYS_CTRL.alu_out_reg[0] (-)
|       |-- (3)SYS_TOP.U0_SYS_CTRL.alu_out_reg[1] (-)
|       |-- (3)SYS_TOP.U0_SYS_CTRL.alu_out_reg[2] (-)
|       |-- (3)SYS_TOP.U0_SYS_CTRL.alu_out_reg[3] (-)
|       |-- (3)SYS_TOP.U0_SYS_CTRL.alu_out_reg[4] (-)
|       |-- (3)SYS_TOP.U0_SYS_CTRL.alu_out_reg[5] (-)
|       |-- (3)SYS_TOP.U0_SYS_CTRL.alu_out_reg[6] (-)
|       |-- (3)SYS_TOP.U0_SYS_CTRL.alu_out_reg[7] (-)
|       |-- (3)SYS_TOP.U0_SYS_CTRL.alu_out_reg[8] (-)
|       |-- (3)SYS_TOP.U0_SYS_CTRL.alu_out_reg[9] (-)
|       |-- (3)SYS_TOP.U0_SYS_CTRL.alu_out_reg[10] (-)
|       |-- (3)SYS_TOP.U0_SYS_CTRL.alu_out_reg[11] (-)
|       |-- (3)SYS_TOP.U0_SYS_CTRL.alu_out_reg[12] (-)
|       |-- (3)SYS_TOP.U0_SYS_CTRL.alu_out_reg[13] (-)
|       |-- (3)SYS_TOP.U0_SYS_CTRL.alu_out_reg[14] (-)
|       |-- (3)SYS_TOP.U0_SYS_CTRL.alu_out_reg[15] (-)
|       |-- (3)SYS_TOP.U0_FIFO.wq2_rptr[0] (-)
|       |-- (3)SYS_TOP.U0_FIFO.wq2_rptr[1] (-)
|       |-- (3)SYS_TOP.U0_FIFO.wq2_rptr[2] (-)
|       |-- (3)SYS_TOP.U0_FIFO.wq2_rptr[3] (-)
|       |-- (3)SYS_TOP.U0_FIFO.wq2_rptr[4] (-)
|       |-- (3)SYS_TOP.U0_FIFO.sync_r2w.sync_reg[0] (-)
|       |-- (3)SYS_TOP.U0_FIFO.sync_r2w.sync_reg[1] (-)
|       |-- (3)SYS_TOP.U0_FIFO.sync_r2w.sync_reg[2] (-)
|       |-- (3)SYS_TOP.U0_FIFO.sync_r2w.sync_reg[3] (-)
|       |-- (3)SYS_TOP.U0_FIFO.sync_r2w.sync_reg[4] (-)
|       |-- (3)SYS_TOP.U0_FIFO.fifo_wr.wbin[0] (-)
|       |-- (3)SYS_TOP.U0_FIFO.fifo_wr.wbin[1] (-)
|       |-- (3)SYS_TOP.U0_FIFO.fifo_wr.wbin[2] (-)
|       |-- (3)SYS_TOP.U0_FIFO.fifo_wr.wbin[3] (-)
|       |-- (3)SYS_TOP.U0_FIFO.fifo_wr.wbin[4] (-)
|       |-- (3)SYS_TOP.U0_FIFO.wptr[0] (-)
|       |-- (3)SYS_TOP.U0_FIFO.wptr[1] (-)
|       |-- (3)SYS_TOP.U0_FIFO.wptr[2] (-)
|       |-- (3)SYS_TOP.U0_FIFO.wptr[3] (-)
|       |-- (3)SYS_TOP.U0_FIFO.wptr[4] (-)
|       |-- (3)SYS_TOP.FIFO_FULL (-)
|       |-- (3)SYS_TOP.U0_ref_sync.sync_reg[0] (-)
|       |-- (3)SYS_TOP.U0_ref_sync.sync_reg[1] (-)
|       |-- (3)SYS_TOP.U0_ref_sync.pulse_gen_ff (-)
|       |-- (3)SYS_TOP.UART_RX_V_SYNC (-)
|       |-- (3)SYS_TOP.UART_RX_SYNC[0] (-)
|       |-- (3)SYS_TOP.UART_RX_SYNC[1] (-)
|       |-- (3)SYS_TOP.UART_RX_SYNC[2] (-)
|       |-- (3)SYS_TOP.UART_RX_SYNC[3] (-)
|       |-- (3)SYS_TOP.UART_RX_SYNC[4] (-)
|       |-- (3)SYS_TOP.UART_RX_SYNC[5] (-)
|       |-- (3)SYS_TOP.UART_RX_SYNC[6] (-)
|       `-- (3)SYS_TOP.UART_RX_SYNC[7] (-)
|-- (1)SYS_TOP.U0_RST_SYNC.sync_reg[0] (-)
|-- (1)SYS_TOP.U0_RST_SYNC.sync_reg[1] (-)
`-- (1)SYS_TOP.U0_RST_SYNC.sync_reg[1]
    `-- (2)SYS_TOP.SYNC_UART_RST
        |-- (3)SYS_TOP.U0_ClkDiv.counter[0] (-)
        |-- (3)SYS_TOP.U0_ClkDiv.counter[1] (-)
        |-- (3)SYS_TOP.U0_ClkDiv.counter[2] (-)
        |-- (3)SYS_TOP.U0_ClkDiv.counter[3] (-)
        |-- (3)SYS_TOP.U0_ClkDiv.counter[4] (-)
        |-- (3)SYS_TOP.U0_ClkDiv.counter[5] (-)
        |-- (3)SYS_TOP.U0_ClkDiv.counter[6] (-)
        |-- (3)SYS_TOP.U0_ClkDiv.counter[7] (-)
        `-- (3)SYS_TOP.U0_ClkDiv.div_clk_reg (-)
