
################################################################################
#
# This file has been generated by SpyGlass:
#     Report Name      : waiver
#     Report Created by: ICer
#     Report Created on:  Mon Sep 28 06:20:25 2026
#     Working Directory: /home/ICer/Labs/lint_sys/spyglass
#     SpyGlass Version : SpyGlass_vL-2016.06
#     Policy Name      : SpyGlass(SpyGlass_vL-2016.06)
#                        clock-reset(SpyGlass_vL-2016.06)
#
#     Total Number of Generated Messages :         38
#     Number of Waived Messages          :          2
#     Number of Reported Messages        :         36
#     Number of Overlimit Messages       :          0
#
#     Total Number of Waivers                            :         11
#     Number of Waivers Applied                          :         11
#     Number of Waivers with Regex and/or wildcard       :          0
#     Number of Waivers with -rule                       :         11
#     Number of Waivers with line number and/or file info:          0
#     Number of Waive -IP commands                       :          0
#
#
################################################################################

WAIVER REPORT:
+++++++++++++++++++++++++++++++++++++++++++++++++++++++++++++++++++++++++++++++

Design Issues Waiver Report
+++++++++++++++++++++++++++++++++++++++++++++++++++++++++++++++++++++++++++++++

Waiver comment : Created by ICer on 28-Sep-2026 02:49:02
waive -msg q%Clock domain propagation for clock 'SYS_TOP.UART_CLK' has reached clock 'SYS_TOP.UART_RX_CLK' of another domain. Halting further propagation of clock 'SYS_TOP.UART_CLK' on this path% \
      -rule "Clock_check07" 
#spg_backref : "./spyglass-1/cdc/cdc_verify_struct/spyglass-1_waiver_file.awl" 1

1 message(s) waived:
===============================================================================
Index    Rule          Severity File             Line Wt Message
===============================================================================
[6]      Clock_check07 Warning  ../rtl/SYS_TOP.v 155  2  Clock domain propagation for clock 'SYS_TOP.UART_CLK' has reached clock 'SYS_TOP.UART_RX_CLK' of another domain. Halting further propagation of clock 'SYS_TOP.UART_CLK' on this path
===============================================================================

Waiver comment : Created by ICer on 28-Sep-2026 02:49:15
waive -msg q%Clock domain propagation for clock 'SYS_TOP.UART_CLK' has reached clock 'SYS_TOP.UART_TX_CLK' of another domain. Halting further propagation of clock 'SYS_TOP.UART_CLK' on this path% \
      -rule "Clock_check07" 
#spg_backref : "./spyglass-1/cdc/cdc_verify_struct/spyglass-1_waiver_file.awl" 2

1 message(s) waived:
===============================================================================
Index    Rule          Severity File             Line Wt Message
===============================================================================
[5]      Clock_check07 Warning  ../rtl/SYS_TOP.v 136  2  Clock domain propagation for clock 'SYS_TOP.UART_CLK' has reached clock 'SYS_TOP.UART_TX_CLK' of another domain. Halting further propagation of clock 'SYS_TOP.UART_CLK' on this path
===============================================================================

===============================================================================
Design Issues Waivers Waiving Zero Violations
===============================================================================
Waiver comment : Created by ICer on 28-Sep-2026 05:37:21
waive -msg q%At least two bits (14, 111) of source bus "SYS_TOP.U0_FIFO.fifo_mem.mem" are not uniformly synchronized to destination bus "SYS_TOP.U0_UART.U0_UART_TX.ser_u0.shift_reg". Reason: different synchronization scheme used% \
      -rule "Ac_conv04" 
#spg_backref : "./spyglass-1/cdc/cdc_verify_struct/spyglass-1_waiver_file.awl" 10

Waiver comment : Created by ICer on 28-Sep-2026 06:12:01
waive -msg q%At least two bits (86, 47) of source bus "SYS_TOP.U0_FIFO.fifo_mem.mem" are not uniformly synchronized to destination bus "SYS_TOP.U0_UART.U0_UART_TX.ser_u0.shift_reg". Reason: different synchronization scheme used% \
      -rule "Ac_conv04" 
#spg_backref : "./spyglass-1/cdc/cdc_verify_struct/spyglass-1_waiver_file.awl" 11

Waiver comment : Created by ICer on 28-Sep-2026 03:01:02
waive -msg q%At least two bits (22, 119) of source bus "SYS_TOP.U0_FIFO.fifo_mem.mem" are not uniformly synchronized to destination bus "SYS_TOP.U0_UART.U0_UART_TX.ser_u0.shift_reg". Reason: different synchronization scheme used% \
      -rule "Ac_conv04" 
#spg_backref : "./spyglass-1/cdc/cdc_verify_struct/spyglass-1_waiver_file.awl" 3

Waiver comment : Created by ICer on 28-Sep-2026 03:10:30
waive -msg q%At least two bits (14, 127) of source bus "SYS_TOP.U0_FIFO.fifo_mem.mem" are not uniformly synchronized to destination bus "SYS_TOP.U0_UART.U0_UART_TX.ser_u0.shift_reg". Reason: different synchronization scheme used% \
      -rule "Ac_conv04" 
#spg_backref : "./spyglass-1/cdc/cdc_verify_struct/spyglass-1_waiver_file.awl" 4

Waiver comment : Created by ICer on 28-Sep-2026 03:21:49
waive -msg q%At least two bits (6, 119) of source bus "SYS_TOP.U0_FIFO.fifo_mem.mem" are not uniformly synchronized to destination bus "SYS_TOP.U0_UART.U0_UART_TX.ser_u0.shift_reg". Reason: different synchronization scheme used% \
      -rule "Ac_conv04" 
#spg_backref : "./spyglass-1/cdc/cdc_verify_struct/spyglass-1_waiver_file.awl" 5

Waiver comment : Created by ICer on 28-Sep-2026 03:36:30
waive -msg q%At least two bits (94, 55) of source bus "SYS_TOP.U0_FIFO.fifo_mem.mem" are not uniformly synchronized to destination bus "SYS_TOP.U0_UART.U0_UART_TX.ser_u0.shift_reg". Reason: different synchronization scheme used% \
      -rule "Ac_conv04" 
#spg_backref : "./spyglass-1/cdc/cdc_verify_struct/spyglass-1_waiver_file.awl" 6

Waiver comment : Created by ICer on 28-Sep-2026 05:31:44
waive -msg q%At least two bits (102, 63) of source bus "SYS_TOP.U0_FIFO.fifo_mem.mem" are not uniformly synchronized to destination bus "SYS_TOP.U0_UART.U0_UART_TX.ser_u0.shift_reg". Reason: different synchronization scheme used% \
      -rule "Ac_conv04" 
#spg_backref : "./spyglass-1/cdc/cdc_verify_struct/spyglass-1_waiver_file.awl" 7

Waiver comment : Created by ICer on 28-Sep-2026 05:35:41
waive -msg q%At least two bits (126, 87) of source bus "SYS_TOP.U0_FIFO.fifo_mem.mem" are not uniformly synchronized to destination bus "SYS_TOP.U0_UART.U0_UART_TX.ser_u0.shift_reg". Reason: different synchronization scheme used% \
      -rule "Ac_conv04" 
#spg_backref : "./spyglass-1/cdc/cdc_verify_struct/spyglass-1_waiver_file.awl" 8

Waiver comment : Created by ICer on 28-Sep-2026 05:36:10
waive -msg q%At least two bits (70, 31) of source bus "SYS_TOP.U0_FIFO.fifo_mem.mem" are not uniformly synchronized to destination bus "SYS_TOP.U0_UART.U0_UART_TX.ser_u0.shift_reg". Reason: different synchronization scheme used% \
      -rule "Ac_conv04" 
#spg_backref : "./spyglass-1/cdc/cdc_verify_struct/spyglass-1_waiver_file.awl" 9

===============================================================================

